vitalii@vitalii-VirtualBox:~$ mkdir cursor

vitalii@vitalii-VirtualBox:~$ > test.txt

vitalii@vitalii-VirtualBox:~$ cp ~/test.txt ~/cursor/

                    #3. List the files in the current directory, in “long listing format”.

vitalii@vitalii-VirtualBox:~/cursor$ ll
total 20
drwxrwxr-x  3 vitalii vitalii 4096 лют 19 23:47 ./
drwxr-xr-x 17 vitalii vitalii 4096 лют 19 19:18 ../
-rw-rw-r--  1 vitalii vitalii    0 лют 19 14:32 .gitconfig
-rw-rw-r--  1 vitalii vitalii    0 лют 19 00:07 hw1.sh
-rw-rw-r--  1 vitalii vitalii    0 лют 19 00:07 hw1.txt
-rw-rw-r--  1 vitalii vitalii    0 лют 19 00:07 hw2.sh
-rw-rw-r--  1 vitalii vitalii    0 лют 19 00:07 hw.shh
-rwxrw-rw-  1 vitalii vitalii   28 лют 19 01:19 hw.txt*
drwxrwxr-x  2 vitalii vitalii 4096 лют 19 00:44 new/
-rwxrw-rw-  1 vitalii vitalii   13 лют 19 01:33 test.sh*


vitalii@vitalii-VirtualBox:~$ ls -la ~/ -r
total 100
drwxr-xr-x  2 vitalii vitalii 4096 лют 18 15:54 Videos
-rw-r-----  1 vitalii vitalii    5 лют 18 20:52 .vboxclient-seamless.pid
-rw-r-----  1 vitalii vitalii    5 лют 18 20:52 .vboxclient-draganddrop.pid
-rw-r-----  1 vitalii vitalii    5 лют 18 20:52 .vboxclient-display-svga-x11.pid
-rw-r-----  1 vitalii vitalii    5 лют 18 20:52 .vboxclient-clipboard.pid
-rw-rw-r--  1 vitalii vitalii    0 лют 18 22:13 test.txt
drwxr-xr-x  2 vitalii vitalii 4096 лют 18 15:54 Templates
-rw-r--r--  1 vitalii vitalii    0 лют 18 20:51 .sudo_as_admin_successful
drwx------  2 vitalii vitalii 4096 лют 18 20:49 .ssh
drwxr-xr-x  3 vitalii vitalii 4096 лют 18 20:53 snap
lrwxrwxrwx  1 vitalii vitalii   16 лют 18 21:20 shared -> /media/sf_shared
drwxr-xr-x  2 vitalii vitalii 4096 лют 18 15:54 Public
-rw-r--r--  1 vitalii vitalii  807 лют 18 15:10 .profile
drwxr-xr-x  2 vitalii vitalii 4096 лют 18 15:54 Pictures
drwxr-xr-x  2 vitalii vitalii 4096 лют 18 15:54 Music
drwxr-xr-x  3 vitalii vitalii 4096 лют 18 15:54 .local
drwx------  3 vitalii vitalii 4096 лют 18 20:54 .gnupg
drwxr-xr-x  2 vitalii vitalii 4096 лют 18 15:54 Downloads
drwxr-xr-x  2 vitalii vitalii 4096 лют 18 15:54 Documents
drwxr-xr-x  2 vitalii vitalii 4096 лют 18 15:54 Desktop
drwxrwxr-x  2 vitalii vitalii 4096 лют 18 22:51 cursor
drwxr-xr-x 14 vitalii vitalii 4096 лют 18 22:51 .config
drwx------ 12 vitalii vitalii 4096 лют 18 20:53 .cache
-rw-r--r--  1 vitalii vitalii 3771 лют 18 15:10 .bashrc
-rw-r--r--  1 vitalii vitalii  220 лют 18 15:10 .bash_logout
-rw-------  1 vitalii vitalii  442 лют 18 21:24 .bash_history
drwxr-xr-x  3 root    root    4096 лют 18 15:10 ..
drwxr-xr-x 17 vitalii vitalii 4096 лют 18 22:13 .

vitalii@vitalii-VirtualBox:~$ cd cursor
vitalii@vitalii-VirtualBox:~/cursor$ mv test.txt new_test.txt

vitalii@vitalii-VirtualBox:~/cursor$ rm test.txt new_test.txt

vitalii@vitalii-VirtualBox:~/cursor$ touch -t 202001010415 hw.txt

vitalii@vitalii-VirtualBox:~/cursor$ touch hw.sh, hw1.sh, hw2.sh, hw1.txt

          #8. List all files (only with the extension .sh) in the current directory.
          #Note that the ls command can accept more than one parameter for what files you want it to list.
          #Hint: Use grep

vitalii@vitalii-VirtualBox:~/cursor$ ls |grep .sh
hw1.sh
hw2.sh
hw.sh
test.sh


vitalii@vitalii-VirtualBox:~/cursor$ cp -t new *.txt

vitalii@vitalii-VirtualBox:~/cursor$ echo "cursor" >hw.txt

vitalii@vitalii-VirtualBox:~/cursor$ cat hw.txt
cursor

vitalii@vitalii-VirtualBox:~/cursor$ chmod 066 hw.txt
vitalii@vitalii-VirtualBox:~/cursor$ cat hw.txt
cat: hw.txt: Permission denied

vitalii@vitalii-VirtualBox:~/cursor$ chmod 766 hw.txt
vitalii@vitalii-VirtualBox:~/cursor$ cat hw.txt
cursor

vitalii@vitalii-VirtualBox:~/cursor$ gedit hw.txt

vitalii@vitalii-VirtualBox:~/cursor$ head -n 7 hw.txt
cursor
1
2
3
4
5
6

vitalii@vitalii-VirtualBox:~/cursor$ touch test.sh
vitalii@vitalii-VirtualBox:~/cursor$ echo "echo 'Hello'" >test.sh

vitalii@vitalii-VirtualBox:~/cursor$ chmod 766 test.sh
vitalii@vitalii-VirtualBox:~/cursor$ ./test.sh

