vitalii@vitalii-VirtualBox:~/cursor$ mkdir cursor_git_hw
vitalii@vitalii-VirtualBox:~/cursor$ cd cursor_git_hw
vitalii@vitalii-VirtualBox:~/cursor/cursor_git_hw$ 
vitalii@vitalii-VirtualBox:~/cursor/cursor_git_hw$ git init
Initialized empty Git repository in /home/vitalii/cursor/cursor_git_hw/.git/
vitalii@vitalii-VirtualBox:~/cursor/cursor_git_hw$ git remote add origin https://github.com/VitaliiRevenko/cursor_git_hw.git
vitalii@vitalii-VirtualBox:~/cursor/cursor_git_hw$ git remote -v
origin	https://github.com/VitaliiRevenko/cursor_git_hw.git (fetch)
origin	https://github.com/VitaliiRevenko/cursor_git_hw.git (push)
vitalii@vitalii-VirtualBox:~/cursor/cursor_git_hw$ touch first.txt
vitalii@vitalii-VirtualBox:~/cursor/cursor_git_hw$ git add first.txt
vitalii@vitalii-VirtualBox:~/cursor/cursor_git_hw$ git commit -m "adding first.txt"
[master (root-commit) 02f1d8c] adding first.txt
 1 file changed, 0 insertions(+), 0 deletions(-)
 create mode 100644 first.txt
vitalii@vitalii-VirtualBox:~/cursor/cursor_git_hw$ git log
commit 02f1d8cc48f11c770eb12eb74789286a01ef5d6f (HEAD -> master)
Author: Vitalii Revenko <vitalyrevenko84@gmail.com>
Date:   Sun Feb 21 19:43:24 2021 +0200

    adding first.txt
vitalii@vitalii-VirtualBox:~/cursor/cursor_git_hw$ touch second.txt
vitalii@vitalii-VirtualBox:~/cursor/cursor_git_hw$ git add second.txt
vitalii@vitalii-VirtualBox:~/cursor/cursor_git_hw$ git commit -m "adding second.txt"
[master dd9c92a] adding second.txt
 1 file changed, 0 insertions(+), 0 deletions(-)
 create mode 100644 second.txt
vitalii@vitalii-VirtualBox:~/cursor/cursor_git_hw$ rm first.txt
vitalii@vitalii-VirtualBox:~/cursor/cursor_git_hw$ git add first.txt
vitalii@vitalii-VirtualBox:~/cursor/cursor_git_hw$ git commit -m ""removing first.txt
[master 078d463] removing
 1 file changed, 0 insertions(+), 0 deletions(-)
 delete mode 100644 first.txt
vitalii@vitalii-VirtualBox:~/cursor/cursor_git_hw$ git log
commit 078d463031ed5b5fc665dbbd60129f8eb36921dd (HEAD -> master)
Author: Vitalii Revenko <vitalyrevenko84@gmail.com>
Date:   Sun Feb 21 19:48:05 2021 +0200

    removing

commit dd9c92aa94a293b05240b3cad34394be95773a05
Author: Vitalii Revenko <vitalyrevenko84@gmail.com>
Date:   Sun Feb 21 19:46:22 2021 +0200

    adding second.txt

commit 02f1d8cc48f11c770eb12eb74789286a01ef5d6f
Author: Vitalii Revenko <vitalyrevenko84@gmail.com>
Date:   Sun Feb 21 19:43:24 2021 +0200

    adding first.txt

vitalii@vitalii-VirtualBox:~/cursor/cursor_git_hw$ git push origin master
Username for 'https://github.com': vitaliirevenko
Password for 'https://vitaliirevenko@github.com': 
Enumerating objects: 7, done.
Counting objects: 100% (7/7), done.
Delta compression using up to 2 threads
Compressing objects: 100% (4/4), done.
Writing objects: 100% (7/7), 658 bytes | 219.00 KiB/s, done.
Total 7 (delta 0), reused 0 (delta 0)
To https://github.com/VitaliiRevenko/cursor_git_hw.git
 * [new branch]      master -> master
vitalii@vitalii-VirtualBox:~/cursor/cursor_git_hw$ git branch first
vitalii@vitalii-VirtualBox:~/cursor/cursor_git_hw$ git branch
  first
* master

vitalii@vitalii-VirtualBox:~/cursor/cursor_git_hw$ git checkout -b second
Switched to a new branch 'second'
vitalii@vitalii-VirtualBox:~/cursor/cursor_git_hw$ echo "Hello" >second.txt
vitalii@vitalii-VirtualBox:~/cursor/cursor_git_hw$ cat second.txt
Hello
vitalii@vitalii-VirtualBox:~/cursor/cursor_git_hw$ git stash && git checkout first
Saved working directory and index state WIP on second: 078d463 removing
Switched to branch 'first'
vitalii@vitalii-VirtualBox:~/cursor/cursor_git_hw$ git checkout second && git stash pop
Switched to branch 'second'
On branch second
Changes not staged for commit:
  (use "git add <file>..." to update what will be committed)
  (use "git restore <file>..." to discard changes in working directory)
	modified:   second.txt

no changes added to commit (use "git add" and/or "git commit -a")
Dropped refs/stash@{0} (820676aac8ca0a3f170669f77b1a7a67e78d3e1a)
vitalii@vitalii-VirtualBox:~/cursor/cursor_git_hw$ git add second.txt
vitalii@vitalii-VirtualBox:~/cursor/cursor_git_hw$ git commit -m "Changing second.txt"
[second b869365] Changing second.txt
 1 file changed, 1 insertion(+)
vitalii@vitalii-VirtualBox:~/cursor/cursor_git_hw$ git push origin second
Username for 'https://github.com': vitaliireevnko
Password for 'https://vitaliireevnko@github.com': 
remote: Invalid username or password.
fatal: Authentication failed for 'https://github.com/VitaliiRevenko/cursor_git_hw.git/'
vitalii@vitalii-VirtualBox:~/cursor/cursor_git_hw$ git push origin second
Username for 'https://github.com': vitaliirevenko
Password for 'https://vitaliirevenko@github.com': 
Enumerating objects: 5, done.
Counting objects: 100% (5/5), done.
Writing objects: 100% (3/3), 265 bytes | 132.00 KiB/s, done.
Total 3 (delta 0), reused 0 (delta 0)
remote: 
remote: Create a pull request for 'second' on GitHub by visiting:
remote:      https://github.com/VitaliiRevenko/cursor_git_hw/pull/new/second
remote: 
To https://github.com/VitaliiRevenko/cursor_git_hw.git
 * [new branch]      second -> second
vitalii@vitalii-VirtualBox:~/cursor/cursor_git_hw$ git checkout first
Switched to branch 'first'
vitalii@vitalii-VirtualBox:~/cursor/cursor_git_hw$ echo "Cursor" >second.txt
vitalii@vitalii-VirtualBox:~/cursor/cursor_git_hw$ cat second.txt
Cursor
vitalii@vitalii-VirtualBox:~/cursor/cursor_git_hw$ git add second.txt
vitalii@vitalii-VirtualBox:~/cursor/cursor_git_hw$ git commit -m "Changing second.txt"
[first a7596b3] Changing second.txt
 1 file changed, 1 insertion(+)
vitalii@vitalii-VirtualBox:~/cursor/cursor_git_hw$ git branch
* first
  master
  second
vitalii@vitalii-VirtualBox:~/cursor/cursor_git_hw$ git push origin first
Username for 'https://github.com': vitaliirevenko
Password for 'https://vitaliirevenko@github.com': 
Enumerating objects: 5, done.
Counting objects: 100% (5/5), done.
Writing objects: 100% (3/3), 265 bytes | 132.00 KiB/s, done.
Total 3 (delta 0), reused 0 (delta 0)
remote: 
remote: Create a pull request for 'first' on GitHub by visiting:
remote:      https://github.com/VitaliiRevenko/cursor_git_hw/pull/new/first
remote: 
To https://github.com/VitaliiRevenko/cursor_git_hw.git
 * [new branch]      first -> first
vitalii@vitalii-VirtualBox:~/cursor/cursor_git_hw$ git checkout master
Switched to branch 'master'
vitalii@vitalii-VirtualBox:~/cursor/cursor_git_hw$ git merge second
Updating 078d463..b869365
Fast-forward
 second.txt | 1 +
 1 file changed, 1 insertion(+)
vitalii@vitalii-VirtualBox:~/cursor/cursor_git_hw$ git merge first
Auto-merging second.txt
CONFLICT (content): Merge conflict in second.txt
Automatic merge failed; fix conflicts and then commit the result.


vitalii@vitalii-VirtualBox:~/cursor/cursor_git_hw$ cat second.txt
<<<<<<< HEAD
Hello
=======
Cursor
>>>>>>> first

vitalii@vitalii-VirtualBox:~/cursor/cursor_git_hw$ edit second.txt
vitalii@vitalii-VirtualBox:~/cursor/cursor_git_hw$ cat second.txt
<<<<<<< HEAD
Hello
Cursor
>>>>>>> first

vitalii@vitalii-VirtualBox:~/cursor/cursor_git_hw$ git add second.txt
vitalii@vitalii-VirtualBox:~/cursor/cursor_git_hw$ git commit -m "Resolve conflict second.txt"
[master d967da8] Resolve conflict second.txt
vitalii@vitalii-VirtualBox:~/cursor/cursor_git_hw$ git push origin master
Username for 'https://github.com': vitaliirevenko
Password for 'https://vitaliirevenko@github.com': 
Enumerating objects: 7, done.
Counting objects: 100% (7/7), done.
Writing objects: 100% (3/3), 328 bytes | 328.00 KiB/s, done.
Total 3 (delta 0), reused 0 (delta 0)
To https://github.com/VitaliiRevenko/cursor_git_hw.git
   078d463..d967da8  master -> master
vitalii@vitalii-VirtualBox:~/cursor/cursor_git_hw$
